
shiva@DESKTOP-1L2TS40 MINGW64 ~/Desktop/.git
$ git --version
git version 2.25.1.windows.1

shiva@DESKTOP-1L2TS40 MINGW64 ~/Desktop/.git
$ git config --global user.name "Shivani Thakur"

shiva@DESKTOP-1L2TS40 MINGW64 ~/Desktop/.git
$ git config --global user.email "shivanisingh7772011418@gmail.com"

shiva@DESKTOP-1L2TS40 MINGW64 ~/Desktop/.git
$ get status
bash: get: command not found

shiva@DESKTOP-1L2TS40 MINGW64 ~/Desktop/.git
$ git status
fatal: not a git repository (or any of the parent directories): .git

shiva@DESKTOP-1L2TS40 MINGW64 ~/Desktop/.git
$ git init
Initialized empty Git repository in C:/Users/shiva/Desktop/.git/.git/

shiva@DESKTOP-1L2TS40 MINGW64 ~/Desktop/.git (master)
$ git status
On branch master

No commits yet

Untracked files:
  (use "git add <file>..." to include in what will be committed)
        repo.txt.txt
        util.txt.txt

nothing added to commit but untracked files present (use "git add" to track)

shiva@DESKTOP-1L2TS40 MINGW64 ~/Desktop/.git (master)
$ git add .

shiva@DESKTOP-1L2TS40 MINGW64 ~/Desktop/.git (master)
$ git status
On branch master

No commits yet

Changes to be committed:
  (use "git rm --cached <file>..." to unstage)
        new file:   repo.txt.txt
        new file:   util.txt.txt
shiva@DESKTOP-1L2TS40 MINGW64 ~/Desktop/.git (master)
$ git commit -m "I was add the name bhavna"
[master (root-commit) 3a006f5] I was add the name bhavna
 2 files changed, 2 insertions(+)
 create mode 100644 repo.txt.txt
 create mode 100644 util.txt.txt

shiva@DESKTOP-1L2TS40 MINGW64 ~/Desktop/.git (master)
$ git commit -m "I was add the Hello"
On branch master
nothing to commit, working tree clean


